[2022-04-26T22:13:43.363+0900][gc,heap] Heap region size: 1M
[2022-04-26T22:13:43.372+0900][gc     ] Using G1
[2022-04-26T22:13:43.372+0900][gc,heap,coops] Heap address: 0x00000007c0000000, size: 1024 MB, Compressed Oops mode: Zero based, Oop shift amount: 3
[2022-04-26T22:13:44.593+0900][gc,start     ] GC(0) Pause Young (Concurrent Start) (Metadata GC Threshold)
[2022-04-26T22:13:44.593+0900][gc,task      ] GC(0) Using 8 workers of 8 for evacuation
[2022-04-26T22:13:44.601+0900][gc,phases    ] GC(0)   Pre Evacuate Collection Set: 0.0ms
[2022-04-26T22:13:44.601+0900][gc,phases    ] GC(0)   Evacuate Collection Set: 7.4ms
[2022-04-26T22:13:44.601+0900][gc,phases    ] GC(0)   Post Evacuate Collection Set: 0.4ms
[2022-04-26T22:13:44.601+0900][gc,phases    ] GC(0)   Other: 0.8ms
[2022-04-26T22:13:44.601+0900][gc,heap      ] GC(0) Eden regions: 44->0(44)
[2022-04-26T22:13:44.601+0900][gc,heap      ] GC(0) Survivor regions: 0->7(7)
[2022-04-26T22:13:44.601+0900][gc,heap      ] GC(0) Old regions: 0->0
[2022-04-26T22:13:44.601+0900][gc,heap      ] GC(0) Humongous regions: 0->0
[2022-04-26T22:13:44.601+0900][gc,metaspace ] GC(0) Metaspace: 20756K->20756K(1069056K)
[2022-04-26T22:13:44.601+0900][gc           ] GC(0) Pause Young (Concurrent Start) (Metadata GC Threshold) 44M->6M(1024M) 8.677ms
[2022-04-26T22:13:44.601+0900][gc,cpu       ] GC(0) User=0.02s Sys=0.00s Real=0.01s
[2022-04-26T22:13:44.602+0900][gc           ] GC(1) Concurrent Cycle
[2022-04-26T22:13:44.602+0900][gc,marking   ] GC(1) Concurrent Clear Claimed Marks
[2022-04-26T22:13:44.602+0900][gc,marking   ] GC(1) Concurrent Clear Claimed Marks 0.021ms
[2022-04-26T22:13:44.602+0900][gc,marking   ] GC(1) Concurrent Scan Root Regions
[2022-04-26T22:13:44.604+0900][gc,marking   ] GC(1) Concurrent Scan Root Regions 2.077ms
[2022-04-26T22:13:44.604+0900][gc,marking   ] GC(1) Concurrent Mark (1.250s)
[2022-04-26T22:13:44.604+0900][gc,marking   ] GC(1) Concurrent Mark From Roots
[2022-04-26T22:13:44.604+0900][gc,task      ] GC(1) Using 2 workers of 2 for marking
[2022-04-26T22:13:44.604+0900][gc,marking   ] GC(1) Concurrent Mark From Roots 0.183ms
[2022-04-26T22:13:44.604+0900][gc,marking   ] GC(1) Concurrent Preclean
[2022-04-26T22:13:44.604+0900][gc,marking   ] GC(1) Concurrent Preclean 0.028ms
[2022-04-26T22:13:44.604+0900][gc,marking   ] GC(1) Concurrent Mark (1.250s, 1.250s) 0.255ms
[2022-04-26T22:13:44.604+0900][gc,start     ] GC(1) Pause Remark
[2022-04-26T22:13:44.606+0900][gc,stringtable] GC(1) Cleaned string and symbol table, strings: 7217 processed, 0 removed, symbols: 63664 processed, 32 removed
[2022-04-26T22:13:44.607+0900][gc            ] GC(1) Pause Remark 7M->7M(1024M) 2.440ms
[2022-04-26T22:13:44.607+0900][gc,cpu        ] GC(1) User=0.01s Sys=0.00s Real=0.00s
[2022-04-26T22:13:44.607+0900][gc,marking    ] GC(1) Concurrent Rebuild Remembered Sets
[2022-04-26T22:13:44.607+0900][gc,marking    ] GC(1) Concurrent Rebuild Remembered Sets 0.088ms
[2022-04-26T22:13:44.607+0900][gc,start      ] GC(1) Pause Cleanup
[2022-04-26T22:13:44.607+0900][gc            ] GC(1) Pause Cleanup 7M->7M(1024M) 0.202ms
[2022-04-26T22:13:44.607+0900][gc,cpu        ] GC(1) User=0.00s Sys=0.00s Real=0.00s
[2022-04-26T22:13:44.607+0900][gc,marking    ] GC(1) Concurrent Cleanup for Next Mark
[2022-04-26T22:13:44.613+0900][gc,marking    ] GC(1) Concurrent Cleanup for Next Mark 6.233ms
[2022-04-26T22:13:44.614+0900][gc            ] GC(1) Concurrent Cycle 12.050ms
[2022-04-26T22:13:45.801+0900][gc,start      ] GC(2) Pause Young (Normal) (G1 Evacuation Pause)
[2022-04-26T22:13:45.801+0900][gc,task       ] GC(2) Using 8 workers of 8 for evacuation
[2022-04-26T22:13:45.809+0900][gc,phases     ] GC(2)   Pre Evacuate Collection Set: 0.0ms
[2022-04-26T22:13:45.809+0900][gc,phases     ] GC(2)   Evacuate Collection Set: 6.8ms
[2022-04-26T22:13:45.809+0900][gc,phases     ] GC(2)   Post Evacuate Collection Set: 0.6ms
[2022-04-26T22:13:45.809+0900][gc,phases     ] GC(2)   Other: 0.1ms
[2022-04-26T22:13:45.809+0900][gc,heap       ] GC(2) Eden regions: 44->0(48)
[2022-04-26T22:13:45.809+0900][gc,heap       ] GC(2) Survivor regions: 7->3(7)
[2022-04-26T22:13:45.809+0900][gc,heap       ] GC(2) Old regions: 0->7
[2022-04-26T22:13:45.809+0900][gc,heap       ] GC(2) Humongous regions: 129->129
[2022-04-26T22:13:45.809+0900][gc,metaspace  ] GC(2) Metaspace: 30183K->30183K(1077248K)
[2022-04-26T22:13:45.809+0900][gc            ] GC(2) Pause Young (Normal) (G1 Evacuation Pause) 179M->138M(1024M) 7.740ms
[2022-04-26T22:13:45.809+0900][gc,cpu        ] GC(2) User=0.04s Sys=0.01s Real=0.00s
[2022-04-26T22:13:46.211+0900][gc,start      ] GC(3) Pause Young (Concurrent Start) (Metadata GC Threshold)
[2022-04-26T22:13:46.211+0900][gc,task       ] GC(3) Using 8 workers of 8 for evacuation
[2022-04-26T22:13:46.214+0900][gc,phases     ] GC(3)   Pre Evacuate Collection Set: 0.0ms
[2022-04-26T22:13:46.214+0900][gc,phases     ] GC(3)   Evacuate Collection Set: 3.0ms
[2022-04-26T22:13:46.214+0900][gc,phases     ] GC(3)   Post Evacuate Collection Set: 0.3ms
[2022-04-26T22:13:46.214+0900][gc,phases     ] GC(3)   Other: 0.2ms
[2022-04-26T22:13:46.214+0900][gc,heap       ] GC(3) Eden regions: 25->0(48)
[2022-04-26T22:13:46.214+0900][gc,heap       ] GC(3) Survivor regions: 3->3(7)
[2022-04-26T22:13:46.214+0900][gc,heap       ] GC(3) Old regions: 7->7
[2022-04-26T22:13:46.214+0900][gc,heap       ] GC(3) Humongous regions: 129->129
[2022-04-26T22:13:46.214+0900][gc,metaspace  ] GC(3) Metaspace: 35153K->35153K(1081344K)
[2022-04-26T22:13:46.214+0900][gc            ] GC(3) Pause Young (Concurrent Start) (Metadata GC Threshold) 162M->138M(1024M) 3.584ms
[2022-04-26T22:13:46.214+0900][gc,cpu        ] GC(3) User=0.01s Sys=0.00s Real=0.00s
[2022-04-26T22:13:46.214+0900][gc            ] GC(4) Concurrent Cycle
[2022-04-26T22:13:46.214+0900][gc,marking    ] GC(4) Concurrent Clear Claimed Marks
[2022-04-26T22:13:46.214+0900][gc,marking    ] GC(4) Concurrent Clear Claimed Marks 0.034ms
[2022-04-26T22:13:46.215+0900][gc,marking    ] GC(4) Concurrent Scan Root Regions
[2022-04-26T22:13:46.216+0900][gc,marking    ] GC(4) Concurrent Scan Root Regions 1.399ms
[2022-04-26T22:13:46.216+0900][gc,marking    ] GC(4) Concurrent Mark (2.862s)
[2022-04-26T22:13:46.216+0900][gc,marking    ] GC(4) Concurrent Mark From Roots
[2022-04-26T22:13:46.216+0900][gc,task       ] GC(4) Using 2 workers of 2 for marking
[2022-04-26T22:13:46.220+0900][gc,marking    ] GC(4) Concurrent Mark From Roots 4.500ms
[2022-04-26T22:13:46.221+0900][gc,marking    ] GC(4) Concurrent Preclean
[2022-04-26T22:13:46.221+0900][gc,marking    ] GC(4) Concurrent Preclean 0.093ms
[2022-04-26T22:13:46.221+0900][gc,marking    ] GC(4) Concurrent Mark (2.862s, 2.866s) 4.679ms
[2022-04-26T22:13:46.221+0900][gc,start      ] GC(4) Pause Remark
[2022-04-26T22:13:46.223+0900][gc,stringtable] GC(4) Cleaned string and symbol table, strings: 11115 processed, 7 removed, symbols: 96957 processed, 26 removed
[2022-04-26T22:13:46.224+0900][gc            ] GC(4) Pause Remark 139M->139M(1024M) 2.959ms
[2022-04-26T22:13:46.224+0900][gc,cpu        ] GC(4) User=0.01s Sys=0.00s Real=0.00s
[2022-04-26T22:13:46.224+0900][gc,marking    ] GC(4) Concurrent Rebuild Remembered Sets
[2022-04-26T22:13:46.227+0900][gc,marking    ] GC(4) Concurrent Rebuild Remembered Sets 3.321ms
[2022-04-26T22:13:46.227+0900][gc,start      ] GC(4) Pause Cleanup
[2022-04-26T22:13:46.227+0900][gc            ] GC(4) Pause Cleanup 139M->139M(1024M) 0.178ms
[2022-04-26T22:13:46.228+0900][gc,cpu        ] GC(4) User=0.00s Sys=0.00s Real=0.00s
[2022-04-26T22:13:46.228+0900][gc,marking    ] GC(4) Concurrent Cleanup for Next Mark
[2022-04-26T22:13:46.234+0900][gc,marking    ] GC(4) Concurrent Cleanup for Next Mark 6.322ms
[2022-04-26T22:13:46.234+0900][gc            ] GC(4) Concurrent Cycle 19.521ms
[2022-04-26T22:14:15.614+0900][gc,start      ] GC(5) Pause Young (Normal) (G1 Evacuation Pause)
[2022-04-26T22:14:15.614+0900][gc,task       ] GC(5) Using 8 workers of 8 for evacuation
[2022-04-26T22:14:15.620+0900][gc,phases     ] GC(5)   Pre Evacuate Collection Set: 0.1ms
[2022-04-26T22:14:15.620+0900][gc,phases     ] GC(5)   Evacuate Collection Set: 5.0ms
[2022-04-26T22:14:15.620+0900][gc,phases     ] GC(5)   Post Evacuate Collection Set: 0.5ms
[2022-04-26T22:14:15.620+0900][gc,phases     ] GC(5)   Other: 0.3ms
[2022-04-26T22:14:15.620+0900][gc,heap       ] GC(5) Eden regions: 48->0(44)
[2022-04-26T22:14:15.620+0900][gc,heap       ] GC(5) Survivor regions: 3->7(7)
[2022-04-26T22:14:15.620+0900][gc,heap       ] GC(5) Old regions: 7->7
[2022-04-26T22:14:15.620+0900][gc,heap       ] GC(5) Humongous regions: 129->129
[2022-04-26T22:14:15.620+0900][gc,metaspace  ] GC(5) Metaspace: 43644K->43644K(1089536K)
[2022-04-26T22:14:15.620+0900][gc            ] GC(5) Pause Young (Normal) (G1 Evacuation Pause) 186M->142M(1024M) 5.961ms
[2022-04-26T22:14:15.620+0900][gc,cpu        ] GC(5) User=0.04s Sys=0.01s Real=0.01s
[2022-04-26T22:23:28.271+0900][gc,start      ] GC(6) Pause Young (Normal) (G1 Evacuation Pause)
[2022-04-26T22:23:28.271+0900][gc,task       ] GC(6) Using 8 workers of 8 for evacuation
[2022-04-26T22:23:28.279+0900][gc,phases     ] GC(6)   Pre Evacuate Collection Set: 0.0ms
[2022-04-26T22:23:28.279+0900][gc,phases     ] GC(6)   Evacuate Collection Set: 6.9ms
[2022-04-26T22:23:28.279+0900][gc,phases     ] GC(6)   Post Evacuate Collection Set: 0.8ms
[2022-04-26T22:23:28.279+0900][gc,phases     ] GC(6)   Other: 0.2ms
[2022-04-26T22:23:28.279+0900][gc,heap       ] GC(6) Eden regions: 44->0(48)
[2022-04-26T22:23:28.279+0900][gc,heap       ] GC(6) Survivor regions: 7->3(7)
[2022-04-26T22:23:28.279+0900][gc,heap       ] GC(6) Old regions: 7->14
[2022-04-26T22:23:28.279+0900][gc,heap       ] GC(6) Humongous regions: 129->129
[2022-04-26T22:23:28.279+0900][gc,metaspace  ] GC(6) Metaspace: 49030K->49030K(1093632K)
[2022-04-26T22:23:28.279+0900][gc            ] GC(6) Pause Young (Normal) (G1 Evacuation Pause) 186M->144M(1024M) 8.130ms
[2022-04-26T22:23:28.279+0900][gc,cpu        ] GC(6) User=0.05s Sys=0.01s Real=0.00s
[2022-04-26T22:30:54.551+0900][gc,start      ] GC(7) Pause Young (Normal) (G1 Evacuation Pause)
[2022-04-26T22:30:54.552+0900][gc,task       ] GC(7) Using 8 workers of 8 for evacuation
[2022-04-26T22:30:54.558+0900][gc,phases     ] GC(7)   Pre Evacuate Collection Set: 0.0ms
[2022-04-26T22:30:54.558+0900][gc,phases     ] GC(7)   Evacuate Collection Set: 5.5ms
[2022-04-26T22:30:54.558+0900][gc,phases     ] GC(7)   Post Evacuate Collection Set: 0.7ms
[2022-04-26T22:30:54.558+0900][gc,phases     ] GC(7)   Other: 0.4ms
[2022-04-26T22:30:54.558+0900][gc,heap       ] GC(7) Eden regions: 48->0(45)
[2022-04-26T22:30:54.558+0900][gc,heap       ] GC(7) Survivor regions: 3->6(7)
[2022-04-26T22:30:54.558+0900][gc,heap       ] GC(7) Old regions: 14->14
[2022-04-26T22:30:54.558+0900][gc,heap       ] GC(7) Humongous regions: 129->129
[2022-04-26T22:30:54.558+0900][gc,metaspace  ] GC(7) Metaspace: 51505K->51505K(1095680K)
[2022-04-26T22:30:54.558+0900][gc            ] GC(7) Pause Young (Normal) (G1 Evacuation Pause) 192M->147M(1024M) 6.739ms
[2022-04-26T22:30:54.558+0900][gc,cpu        ] GC(7) User=0.04s Sys=0.00s Real=0.00s
