[2022-04-26T22:11:28.578+0900][gc,heap] Heap region size: 1M
[2022-04-26T22:11:28.583+0900][gc     ] Using G1
[2022-04-26T22:11:28.583+0900][gc,heap,coops] Heap address: 0x00000007e0000000, size: 512 MB, Compressed Oops mode: Zero based, Oop shift amount: 3
[2022-04-26T22:11:29.431+0900][gc,start     ] GC(0) Pause Young (Normal) (G1 Evacuation Pause)
[2022-04-26T22:11:29.432+0900][gc,task      ] GC(0) Using 8 workers of 8 for evacuation
[2022-04-26T22:11:29.437+0900][gc,phases    ] GC(0)   Pre Evacuate Collection Set: 0.0ms
[2022-04-26T22:11:29.437+0900][gc,phases    ] GC(0)   Evacuate Collection Set: 4.7ms
[2022-04-26T22:11:29.437+0900][gc,phases    ] GC(0)   Post Evacuate Collection Set: 0.4ms
[2022-04-26T22:11:29.437+0900][gc,phases    ] GC(0)   Other: 1.0ms
[2022-04-26T22:11:29.437+0900][gc,heap      ] GC(0) Eden regions: 25->0(21)
[2022-04-26T22:11:29.437+0900][gc,heap      ] GC(0) Survivor regions: 0->4(4)
[2022-04-26T22:11:29.437+0900][gc,heap      ] GC(0) Old regions: 0->4
[2022-04-26T22:11:29.437+0900][gc,heap      ] GC(0) Humongous regions: 0->0
[2022-04-26T22:11:29.437+0900][gc,metaspace ] GC(0) Metaspace: 15062K->15062K(1062912K)
[2022-04-26T22:11:29.437+0900][gc           ] GC(0) Pause Young (Normal) (G1 Evacuation Pause) 25M->7M(512M) 6.276ms
[2022-04-26T22:11:29.437+0900][gc,cpu       ] GC(0) User=0.03s Sys=0.01s Real=0.00s
